1 / 48 id 0 throughput 0 0.219 elapsed 4.9
2 / 48 id 0 throughput 1 0.207 elapsed 10.7
3 / 48 id 0 semantic 0 0.193 elapsed 15.5
4 / 48 id 0 semantic 1 0.268 elapsed 19.9
5 / 48 id 1 throughput 0 0.203 elapsed 23.9
6 / 48 id 1 throughput 1 0.163 elapsed 30.4
7 / 48 id 1 semantic 0 0.157 elapsed 38.7
8 / 48 id 1 semantic 1 0.159 elapsed 46.8
9 / 48 id 2 throughput 0 0.25 elapsed 49.7
10 / 48 id 2 throughput 1 0.272 elapsed 53.5
11 / 48 id 2 semantic 0 0.237 elapsed 56.9
12 / 48 id 2 semantic 1 0.47 elapsed 60.0
13 / 48 id 3 throughput 0 0.402 elapsed 63.7
14 / 48 id 3 throughput 1 0.135 elapsed 69.0
15 / 48 id 3 semantic 0 0.398 elapsed 71.4
16 / 48 id 3 semantic 1 0.276 elapsed 77.1
17 / 48 id 4 throughput 0 0.048 elapsed 85.3
18 / 48 id 4 throughput 1 0.083 elapsed 91.6
19 / 48 id 4 semantic 0 0.082 elapsed 99.8
20 / 48 id 4 semantic 1 0.078 elapsed 106.3
21 / 48 id 5 throughput 0 0.095 elapsed 111.7
22 / 48 id 5 throughput 1 0.055 elapsed 119.8
23 / 48 id 5 semantic 0 0.052 elapsed 126.9
24 / 48 id 5 semantic 1 0.121 elapsed 134.4
25 / 48 sparse 0 throughput 0 0.208 elapsed 136.9
26 / 48 sparse 0 throughput 1 0.209 elapsed 139.2
27 / 48 sparse 0 semantic 0 0.144 elapsed 142.1
28 / 48 sparse 0 semantic 1 0.179 elapsed 144.9
29 / 48 sparse 1 throughput 0 0.106 elapsed 148.6
30 / 48 sparse 1 throughput 1 0.061 elapsed 152.6
31 / 48 sparse 1 semantic 0 0.191 elapsed 155.8
32 / 48 sparse 1 semantic 1 0.092 elapsed 159.5
33 / 48 sparse 2 throughput 0 0.318 elapsed 162.5
34 / 48 sparse 2 throughput 1 0.155 elapsed 167.7
35 / 48 sparse 2 semantic 0 0.426 elapsed 169.9
36 / 48 sparse 2 semantic 1 0.134 elapsed 174.6
37 / 48 sparse 3 throughput 0 0.065 elapsed 175.5
38 / 48 sparse 3 throughput 1 0.158 elapsed 180.7
39 / 48 sparse 3 semantic 0 0.065 elapsed 181.8
40 / 48 sparse 3 semantic 1 0.082 elapsed 184.9
41 / 48 sparse 4 throughput 0 0.386 elapsed 187.8
42 / 48 sparse 4 throughput 1 0.202 elapsed 191.7
43 / 48 sparse 4 semantic 0 0.426 elapsed 195.4
44 / 48 sparse 4 semantic 1 0.17 elapsed 199.9
45 / 48 sparse 5 throughput 0 0.256 elapsed 202.9
46 / 48 sparse 5 throughput 1 0.221 elapsed 207.9
47 / 48 sparse 5 semantic 0 0.16 elapsed 210.7
48 / 48 sparse 5 semantic 1 0.198 elapsed 214.0
COMPLETE 48 elapsed 213.96616937499994
