1 / 96 id 3 oracle throughput rep 0 goal 0.023 elapsed 5.7
2 / 96 id 3 oracle throughput rep 1 goal 0.136 elapsed 8.5
3 / 96 id 3 oracle semantic rep 0 goal 0.033 elapsed 13.4
4 / 96 id 3 oracle semantic rep 1 goal 0.215 elapsed 16.8
5 / 96 id 3 cfc throughput rep 0 goal 0.093 elapsed 21.6
6 / 96 id 3 cfc throughput rep 1 goal 0.108 elapsed 26.7
7 / 96 id 3 cfc semantic rep 0 goal 0.097 elapsed 33.1
8 / 96 id 3 cfc semantic rep 1 goal 0.134 elapsed 38.7
9 / 96 id 3 gru_dt throughput rep 0 goal 0.177 elapsed 44.8
10 / 96 id 3 gru_dt throughput rep 1 goal 0.071 elapsed 47.9
11 / 96 id 3 gru_dt semantic rep 0 goal 0.186 elapsed 52.6
12 / 96 id 3 gru_dt semantic rep 1 goal 0.171 elapsed 57.4
13 / 96 id 3 constant throughput rep 0 goal 0.039 elapsed 66.0
14 / 96 id 3 constant throughput rep 1 goal 0.127 elapsed 72.5
15 / 96 id 3 constant semantic rep 0 goal 0.246 elapsed 77.8
16 / 96 id 3 constant semantic rep 1 goal 0.205 elapsed 84.0
17 / 96 id 4 oracle throughput rep 0 goal 0.062 elapsed 91.2
18 / 96 id 4 oracle throughput rep 1 goal 0.13 elapsed 95.1
19 / 96 id 4 oracle semantic rep 0 goal 0.054 elapsed 99.6
20 / 96 id 4 oracle semantic rep 1 goal 0.257 elapsed 105.0
21 / 96 id 4 cfc throughput rep 0 goal 0.046 elapsed 110.7
22 / 96 id 4 cfc throughput rep 1 goal 0.112 elapsed 114.2
23 / 96 id 4 cfc semantic rep 0 goal 0.084 elapsed 120.5
24 / 96 id 4 cfc semantic rep 1 goal 0.097 elapsed 126.0
25 / 96 id 4 gru_dt throughput rep 0 goal 0.113 elapsed 134.7
26 / 96 id 4 gru_dt throughput rep 1 goal 0.119 elapsed 138.1
27 / 96 id 4 gru_dt semantic rep 0 goal 0.066 elapsed 142.2
28 / 96 id 4 gru_dt semantic rep 1 goal 0.114 elapsed 147.4
29 / 96 id 4 constant throughput rep 0 goal 0.217 elapsed 152.9
30 / 96 id 4 constant throughput rep 1 goal 0.216 elapsed 161.2
31 / 96 id 4 constant semantic rep 0 goal 0.165 elapsed 170.4
32 / 96 id 4 constant semantic rep 1 goal 0.242 elapsed 174.9
33 / 96 id 5 oracle throughput rep 0 goal 0.061 elapsed 186.0
34 / 96 id 5 oracle throughput rep 1 goal 0.084 elapsed 196.1
35 / 96 id 5 oracle semantic rep 0 goal 0.093 elapsed 201.4
36 / 96 id 5 oracle semantic rep 1 goal 0.068 elapsed 209.1
37 / 96 id 5 cfc throughput rep 0 goal 0.075 elapsed 213.3
38 / 96 id 5 cfc throughput rep 1 goal 0.069 elapsed 223.2
39 / 96 id 5 cfc semantic rep 0 goal 0.04 elapsed 226.2
40 / 96 id 5 cfc semantic rep 1 goal 0.031 elapsed 236.1
41 / 96 id 5 gru_dt throughput rep 0 goal 0.037 elapsed 241.0
42 / 96 id 5 gru_dt throughput rep 1 goal 0.019 elapsed 247.8
43 / 96 id 5 gru_dt semantic rep 0 goal 0.027 elapsed 258.0
44 / 96 id 5 gru_dt semantic rep 1 goal 0.066 elapsed 264.5
45 / 96 id 5 constant throughput rep 0 goal 0.225 elapsed 269.5
46 / 96 id 5 constant throughput rep 1 goal 0.523 elapsed 272.6
47 / 96 id 5 constant semantic rep 0 goal 0.034 elapsed 277.0
48 / 96 id 5 constant semantic rep 1 goal 0.503 elapsed 279.7
49 / 96 sparse 3 oracle throughput rep 0 goal 0.047 elapsed 281.5
50 / 96 sparse 3 oracle throughput rep 1 goal 0.037 elapsed 283.6
51 / 96 sparse 3 oracle semantic rep 0 goal 0.048 elapsed 285.6
52 / 96 sparse 3 oracle semantic rep 1 goal 0.038 elapsed 287.7
53 / 96 sparse 3 cfc throughput rep 0 goal 0.064 elapsed 288.8
54 / 96 sparse 3 cfc throughput rep 1 goal 0.066 elapsed 292.5
55 / 96 sparse 3 cfc semantic rep 0 goal 0.064 elapsed 293.6
56 / 96 sparse 3 cfc semantic rep 1 goal 0.11 elapsed 297.2
57 / 96 sparse 3 gru_dt throughput rep 0 goal 0.025 elapsed 300.0
58 / 96 sparse 3 gru_dt throughput rep 1 goal 0.037 elapsed 304.5
59 / 96 sparse 3 gru_dt semantic rep 0 goal 0.031 elapsed 308.3
60 / 96 sparse 3 gru_dt semantic rep 1 goal 0.087 elapsed 313.8
61 / 96 sparse 3 constant throughput rep 0 goal 0.154 elapsed 318.8
62 / 96 sparse 3 constant throughput rep 1 goal 0.148 elapsed 325.7
63 / 96 sparse 3 constant semantic rep 0 goal 0.314 elapsed 328.2
64 / 96 sparse 3 constant semantic rep 1 goal 0.066 elapsed 335.3
65 / 96 sparse 4 oracle throughput rep 0 goal 0.242 elapsed 337.8
66 / 96 sparse 4 oracle throughput rep 1 goal 0.265 elapsed 342.7
67 / 96 sparse 4 oracle semantic rep 0 goal 0.273 elapsed 345.5
68 / 96 sparse 4 oracle semantic rep 1 goal 0.286 elapsed 350.9
69 / 96 sparse 4 cfc throughput rep 0 goal 0.325 elapsed 355.3
70 / 96 sparse 4 cfc throughput rep 1 goal 0.261 elapsed 359.0
71 / 96 sparse 4 cfc semantic rep 0 goal 0.388 elapsed 361.6
72 / 96 sparse 4 cfc semantic rep 1 goal 0.282 elapsed 366.4
73 / 96 sparse 4 gru_dt throughput rep 0 goal 0.48 elapsed 369.6
74 / 96 sparse 4 gru_dt throughput rep 1 goal 0.082 elapsed 375.5
75 / 96 sparse 4 gru_dt semantic rep 0 goal 0.424 elapsed 378.5
76 / 96 sparse 4 gru_dt semantic rep 1 goal 0.17 elapsed 386.2
77 / 96 sparse 4 constant throughput rep 0 goal 0.441 elapsed 388.8
78 / 96 sparse 4 constant throughput rep 1 goal 0.183 elapsed 396.5
79 / 96 sparse 4 constant semantic rep 0 goal 0.45 elapsed 399.7
80 / 96 sparse 4 constant semantic rep 1 goal 0.22 elapsed 405.7
81 / 96 sparse 5 oracle throughput rep 0 goal 0.19 elapsed 406.6
82 / 96 sparse 5 oracle throughput rep 1 goal 0.121 elapsed 409.6
83 / 96 sparse 5 oracle semantic rep 0 goal 0.232 elapsed 411.6
84 / 96 sparse 5 oracle semantic rep 1 goal 0.16 elapsed 414.2
85 / 96 sparse 5 cfc throughput rep 0 goal 0.028 elapsed 418.1
86 / 96 sparse 5 cfc throughput rep 1 goal 0.146 elapsed 421.3
87 / 96 sparse 5 cfc semantic rep 0 goal 0.05 elapsed 425.1
88 / 96 sparse 5 cfc semantic rep 1 goal 0.156 elapsed 427.2
89 / 96 sparse 5 gru_dt throughput rep 0 goal 0.073 elapsed 429.8
90 / 96 sparse 5 gru_dt throughput rep 1 goal 0.163 elapsed 431.4
91 / 96 sparse 5 gru_dt semantic rep 0 goal 0.085 elapsed 434.2
92 / 96 sparse 5 gru_dt semantic rep 1 goal 0.159 elapsed 438.4
93 / 96 sparse 5 constant throughput rep 0 goal 0.024 elapsed 441.1
94 / 96 sparse 5 constant throughput rep 1 goal 0.291 elapsed 444.2
95 / 96 sparse 5 constant semantic rep 0 goal 0.034 elapsed 447.3
96 / 96 sparse 5 constant semantic rep 1 goal 0.255 elapsed 451.4
COMPLETE 96 elapsed 451.3735251960002
