1 / 120 0 oracle throughput 0 0.208 elapsed 4.8
2 / 120 0 oracle throughput 1 0.219 elapsed 9.7
3 / 120 0 oracle semantic 0 0.261 elapsed 14.9
4 / 120 0 oracle semantic 1 0.31 elapsed 17.8
5 / 120 0 cfc throughput 0 0.156 elapsed 21.7
6 / 120 0 cfc throughput 1 0.208 elapsed 25.7
7 / 120 0 cfc semantic 0 0.156 elapsed 30.2
8 / 120 0 cfc semantic 1 0.278 elapsed 34.9
9 / 120 0 gru_dt throughput 0 0.232 elapsed 40.8
10 / 120 0 gru_dt throughput 1 0.285 elapsed 43.8
11 / 120 0 gru_dt semantic 0 0.354 elapsed 48.7
12 / 120 0 gru_dt semantic 1 0.236 elapsed 53.6
13 / 120 0 gru_param_matched throughput 0 0.232 elapsed 57.1
14 / 120 0 gru_param_matched throughput 1 0.313 elapsed 60.2
15 / 120 0 gru_param_matched semantic 0 0.188 elapsed 64.9
16 / 120 0 gru_param_matched semantic 1 0.236 elapsed 68.9
17 / 120 0 constant throughput 0 0.182 elapsed 76.8
18 / 120 0 constant throughput 1 0.32 elapsed 80.7
19 / 120 0 constant semantic 0 0.161 elapsed 87.5
20 / 120 0 constant semantic 1 0.277 elapsed 90.4
21 / 120 1 oracle throughput 0 0.06 elapsed 92.9
22 / 120 1 oracle throughput 1 0.24 elapsed 97.0
23 / 120 1 oracle semantic 0 0.091 elapsed 99.7
24 / 120 1 oracle semantic 1 0.289 elapsed 102.3
25 / 120 1 cfc throughput 0 0.254 elapsed 104.3
26 / 120 1 cfc throughput 1 0.184 elapsed 108.5
27 / 120 1 cfc semantic 0 0.279 elapsed 112.3
28 / 120 1 cfc semantic 1 0.206 elapsed 115.8
29 / 120 1 gru_dt throughput 0 0.07 elapsed 121.6
30 / 120 1 gru_dt throughput 1 0.125 elapsed 127.1
31 / 120 1 gru_dt semantic 0 0.098 elapsed 133.4
32 / 120 1 gru_dt semantic 1 0.099 elapsed 135.6
33 / 120 1 gru_param_matched throughput 0 0.093 elapsed 139.8
34 / 120 1 gru_param_matched throughput 1 0.353 elapsed 142.6
35 / 120 1 gru_param_matched semantic 0 0.253 elapsed 145.3
36 / 120 1 gru_param_matched semantic 1 0.386 elapsed 148.4
37 / 120 1 constant throughput 0 0.101 elapsed 153.3
38 / 120 1 constant throughput 1 0.281 elapsed 159.2
39 / 120 1 constant semantic 0 0.069 elapsed 163.6
40 / 120 1 constant semantic 1 0.37 elapsed 169.2
41 / 120 2 oracle throughput 0 0.315 elapsed 171.8
42 / 120 2 oracle throughput 1 0.367 elapsed 174.8
43 / 120 2 oracle semantic 0 0.291 elapsed 177.8
44 / 120 2 oracle semantic 1 0.384 elapsed 180.6
45 / 120 2 cfc throughput 0 0.095 elapsed 182.6
46 / 120 2 cfc throughput 1 0.209 elapsed 185.1
47 / 120 2 cfc semantic 0 0.091 elapsed 187.9
48 / 120 2 cfc semantic 1 0.242 elapsed 191.7
49 / 120 2 gru_dt throughput 0 0.232 elapsed 194.9
50 / 120 2 gru_dt throughput 1 0.066 elapsed 201.7
51 / 120 2 gru_dt semantic 0 0.243 elapsed 204.3
52 / 120 2 gru_dt semantic 1 0.09 elapsed 209.3
53 / 120 2 gru_param_matched throughput 0 0.206 elapsed 212.2
54 / 120 2 gru_param_matched throughput 1 0.225 elapsed 214.5
55 / 120 2 gru_param_matched semantic 0 0.2 elapsed 218.0
56 / 120 2 gru_param_matched semantic 1 0.19 elapsed 219.9
57 / 120 2 constant throughput 0 0.069 elapsed 227.1
58 / 120 2 constant throughput 1 0.074 elapsed 235.3
59 / 120 2 constant semantic 0 0.202 elapsed 238.9
60 / 120 2 constant semantic 1 0.081 elapsed 242.5
61 / 120 3 oracle throughput 0 0.004 elapsed 246.7
62 / 120 3 oracle throughput 1 0.056 elapsed 248.9
63 / 120 3 oracle semantic 0 0.06 elapsed 254.5
64 / 120 3 oracle semantic 1 0.062 elapsed 256.7
65 / 120 3 cfc throughput 0 0.515 elapsed 258.1
66 / 120 3 cfc throughput 1 0.085 elapsed 261.9
67 / 120 3 cfc semantic 0 0.477 elapsed 263.2
68 / 120 3 cfc semantic 1 0.097 elapsed 266.4
69 / 120 3 gru_dt throughput 0 0.14 elapsed 269.6
70 / 120 3 gru_dt throughput 1 0.124 elapsed 277.9
71 / 120 3 gru_dt semantic 0 0.321 elapsed 280.9
72 / 120 3 gru_dt semantic 1 0.133 elapsed 285.1
73 / 120 3 gru_param_matched throughput 0 0.106 elapsed 294.3
74 / 120 3 gru_param_matched throughput 1 0.076 elapsed 296.2
75 / 120 3 gru_param_matched semantic 0 0.144 elapsed 301.3
76 / 120 3 gru_param_matched semantic 1 0.076 elapsed 303.2
77 / 120 3 constant throughput 0 0.039 elapsed 309.6
78 / 120 3 constant throughput 1 0.127 elapsed 315.0
79 / 120 3 constant semantic 0 0.246 elapsed 319.6
80 / 120 3 constant semantic 1 0.205 elapsed 324.9
81 / 120 4 oracle throughput 0 0.081 elapsed 330.2
82 / 120 4 oracle throughput 1 0.155 elapsed 335.0
83 / 120 4 oracle semantic 0 0.097 elapsed 341.4
84 / 120 4 oracle semantic 1 0.203 elapsed 344.6
85 / 120 4 cfc throughput 0 0.135 elapsed 349.3
86 / 120 4 cfc throughput 1 0.107 elapsed 354.3
87 / 120 4 cfc semantic 0 0.183 elapsed 358.0
88 / 120 4 cfc semantic 1 0.065 elapsed 363.8
89 / 120 4 gru_dt throughput 0 0.005 elapsed 369.6
90 / 120 4 gru_dt throughput 1 0.095 elapsed 376.0
91 / 120 4 gru_dt semantic 0 0.044 elapsed 382.2
92 / 120 4 gru_dt semantic 1 0.102 elapsed 386.7
93 / 120 4 gru_param_matched throughput 0 0.065 elapsed 392.7
94 / 120 4 gru_param_matched throughput 1 0.154 elapsed 397.2
95 / 120 4 gru_param_matched semantic 0 0.163 elapsed 400.2
96 / 120 4 gru_param_matched semantic 1 0.139 elapsed 402.6
97 / 120 4 constant throughput 0 0.217 elapsed 406.3
98 / 120 4 constant throughput 1 0.216 elapsed 411.0
99 / 120 4 constant semantic 0 0.165 elapsed 418.2
100 / 120 4 constant semantic 1 0.242 elapsed 421.0
101 / 120 5 oracle throughput 0 0.038 elapsed 424.3
102 / 120 5 oracle throughput 1 0.17 elapsed 431.7
103 / 120 5 oracle semantic 0 0.037 elapsed 437.1
104 / 120 5 oracle semantic 1 0.2 elapsed 445.9
105 / 120 5 cfc throughput 0 0.017 elapsed 448.8
106 / 120 5 cfc throughput 1 0.109 elapsed 456.2
107 / 120 5 cfc semantic 0 0.039 elapsed 464.8
108 / 120 5 cfc semantic 1 0.094 elapsed 472.5
109 / 120 5 gru_dt throughput 0 0.131 elapsed 475.7
110 / 120 5 gru_dt throughput 1 0.128 elapsed 480.4
111 / 120 5 gru_dt semantic 0 0.221 elapsed 484.5
112 / 120 5 gru_dt semantic 1 0.08 elapsed 488.7
113 / 120 5 gru_param_matched throughput 0 0.103 elapsed 492.6
114 / 120 5 gru_param_matched throughput 1 0.058 elapsed 499.1
115 / 120 5 gru_param_matched semantic 0 0.209 elapsed 504.6
116 / 120 5 gru_param_matched semantic 1 0.012 elapsed 508.9
117 / 120 5 constant throughput 0 0.225 elapsed 513.2
118 / 120 5 constant throughput 1 0.523 elapsed 515.7
119 / 120 5 constant semantic 0 0.034 elapsed 519.3
120 / 120 5 constant semantic 1 0.503 elapsed 521.4
COMPLETE 120 elapsed 521.4240497219998
