1 / 48 id 0 oracle throughput goal 0.021 elapsed 7.5
2 / 48 id 0 oracle semantic goal 0.203 elapsed 11.1
3 / 48 id 0 cfc throughput goal 0.107 elapsed 15.5
4 / 48 id 0 cfc semantic goal 0.037 elapsed 37.6
5 / 48 id 0 gru_dt throughput goal 0.033 elapsed 47.2
6 / 48 id 0 gru_dt semantic goal 0.063 elapsed 55.3
7 / 48 id 0 constant throughput goal 0.206 elapsed 59.3
8 / 48 id 0 constant semantic goal 0.264 elapsed 63.5
9 / 48 id 1 oracle throughput goal 0.121 elapsed 69.0
10 / 48 id 1 oracle semantic goal 0.048 elapsed 74.0
11 / 48 id 1 cfc throughput goal 0.013 elapsed 77.3
12 / 48 id 1 cfc semantic goal 0.08 elapsed 82.3
13 / 48 id 1 gru_dt throughput goal 0.062 elapsed 84.4
14 / 48 id 1 gru_dt semantic goal 0.031 elapsed 88.6
15 / 48 id 1 constant throughput goal 0.135 elapsed 93.1
16 / 48 id 1 constant semantic goal 0.289 elapsed 98.1
17 / 48 id 2 oracle throughput goal 0.092 elapsed 102.3
18 / 48 id 2 oracle semantic goal 0.183 elapsed 106.1
19 / 48 id 2 cfc throughput goal 0.019 elapsed 108.8
20 / 48 id 2 cfc semantic goal 0.265 elapsed 112.1
21 / 48 id 2 gru_dt throughput goal 0.208 elapsed 116.4
22 / 48 id 2 gru_dt semantic goal 0.568 elapsed 118.2
23 / 48 id 2 constant throughput goal 0.314 elapsed 120.2
24 / 48 id 2 constant semantic goal 0.425 elapsed 122.1
25 / 48 sparse 0 oracle throughput goal 0.054 elapsed 125.7
26 / 48 sparse 0 oracle semantic goal 0.285 elapsed 126.7
27 / 48 sparse 0 cfc throughput goal 0.09 elapsed 135.3
28 / 48 sparse 0 cfc semantic goal 0.14 elapsed 138.6
29 / 48 sparse 0 gru_dt throughput goal 0.516 elapsed 140.3
30 / 48 sparse 0 gru_dt semantic goal 0.295 elapsed 143.1
31 / 48 sparse 0 constant throughput goal 0.186 elapsed 148.7
32 / 48 sparse 0 constant semantic goal 0.101 elapsed 152.1
33 / 48 sparse 1 oracle throughput goal 0.357 elapsed 155.5
34 / 48 sparse 1 oracle semantic goal 0.217 elapsed 158.5
35 / 48 sparse 1 cfc throughput goal 0.278 elapsed 164.1
36 / 48 sparse 1 cfc semantic goal 0.14 elapsed 171.3
37 / 48 sparse 1 gru_dt throughput goal 0.317 elapsed 176.3
38 / 48 sparse 1 gru_dt semantic goal 0.374 elapsed 179.7
39 / 48 sparse 1 constant throughput goal 0.423 elapsed 183.3
40 / 48 sparse 1 constant semantic goal 0.127 elapsed 184.6
41 / 48 sparse 2 oracle throughput goal 0.101 elapsed 188.4
42 / 48 sparse 2 oracle semantic goal 0.256 elapsed 190.4
43 / 48 sparse 2 cfc throughput goal 0.184 elapsed 193.5
44 / 48 sparse 2 cfc semantic goal 0.133 elapsed 199.5
45 / 48 sparse 2 gru_dt throughput goal 0.135 elapsed 203.6
46 / 48 sparse 2 gru_dt semantic goal 0.106 elapsed 209.4
47 / 48 sparse 2 constant throughput goal 0.236 elapsed 213.3
48 / 48 sparse 2 constant semantic goal 0.217 elapsed 219.9
COMPLETE 48 elapsed 219.939553252
