1 / 96 id 0 oracle throughput rep 0 goal 0.209 elapsed 5.7
2 / 96 id 0 oracle throughput rep 1 goal 0.257 elapsed 9.6
3 / 96 id 0 oracle semantic rep 0 goal 0.134 elapsed 17.9
4 / 96 id 0 oracle semantic rep 1 goal 0.224 elapsed 21.6
5 / 96 id 0 cfc throughput rep 0 goal 0.071 elapsed 26.9
6 / 96 id 0 cfc throughput rep 1 goal 0.218 elapsed 30.9
7 / 96 id 0 cfc semantic rep 0 goal 0.124 elapsed 41.3
8 / 96 id 0 cfc semantic rep 1 goal 0.245 elapsed 47.2
9 / 96 id 0 gru_dt throughput rep 0 goal 0.142 elapsed 51.7
10 / 96 id 0 gru_dt throughput rep 1 goal 0.262 elapsed 57.1
11 / 96 id 0 gru_dt semantic rep 0 goal 0.207 elapsed 61.3
12 / 96 id 0 gru_dt semantic rep 1 goal 0.256 elapsed 66.8
13 / 96 id 0 constant throughput rep 0 goal 0.182 elapsed 76.2
14 / 96 id 0 constant throughput rep 1 goal 0.32 elapsed 80.4
15 / 96 id 0 constant semantic rep 0 goal 0.161 elapsed 89.0
16 / 96 id 0 constant semantic rep 1 goal 0.277 elapsed 92.8
17 / 96 id 1 oracle throughput rep 0 goal 0.062 elapsed 95.8
18 / 96 id 1 oracle throughput rep 1 goal 0.254 elapsed 99.6
19 / 96 id 1 oracle semantic rep 0 goal 0.058 elapsed 102.6
20 / 96 id 1 oracle semantic rep 1 goal 0.21 elapsed 106.5
21 / 96 id 1 cfc throughput rep 0 goal 0.273 elapsed 108.7
22 / 96 id 1 cfc throughput rep 1 goal 0.225 elapsed 112.0
23 / 96 id 1 cfc semantic rep 0 goal 0.21 elapsed 114.6
24 / 96 id 1 cfc semantic rep 1 goal 0.224 elapsed 118.8
25 / 96 id 1 gru_dt throughput rep 0 goal 0.01 elapsed 126.0
26 / 96 id 1 gru_dt throughput rep 1 goal 0.133 elapsed 130.6
27 / 96 id 1 gru_dt semantic rep 0 goal 0.031 elapsed 136.6
28 / 96 id 1 gru_dt semantic rep 1 goal 0.155 elapsed 140.6
29 / 96 id 1 constant throughput rep 0 goal 0.101 elapsed 146.8
30 / 96 id 1 constant throughput rep 1 goal 0.281 elapsed 153.6
31 / 96 id 1 constant semantic rep 0 goal 0.069 elapsed 158.8
32 / 96 id 1 constant semantic rep 1 goal 0.37 elapsed 165.2
33 / 96 id 2 oracle throughput rep 0 goal 0.129 elapsed 167.9
34 / 96 id 2 oracle throughput rep 1 goal 0.392 elapsed 170.5
35 / 96 id 2 oracle semantic rep 0 goal 0.129 elapsed 173.5
36 / 96 id 2 oracle semantic rep 1 goal 0.443 elapsed 176.2
37 / 96 id 2 cfc throughput rep 0 goal 0.085 elapsed 177.7
38 / 96 id 2 cfc throughput rep 1 goal 0.121 elapsed 179.8
39 / 96 id 2 cfc semantic rep 0 goal 0.077 elapsed 181.4
40 / 96 id 2 cfc semantic rep 1 goal 0.116 elapsed 183.5
41 / 96 id 2 gru_dt throughput rep 0 goal 0.166 elapsed 187.1
42 / 96 id 2 gru_dt throughput rep 1 goal 0.491 elapsed 189.2
43 / 96 id 2 gru_dt semantic rep 0 goal 0.096 elapsed 194.9
44 / 96 id 2 gru_dt semantic rep 1 goal 0.502 elapsed 196.4
45 / 96 id 2 constant throughput rep 0 goal 0.069 elapsed 204.9
46 / 96 id 2 constant throughput rep 1 goal 0.074 elapsed 214.8
47 / 96 id 2 constant semantic rep 0 goal 0.202 elapsed 218.9
48 / 96 id 2 constant semantic rep 1 goal 0.081 elapsed 223.5
49 / 96 sparse 0 oracle throughput rep 0 goal 0.125 elapsed 229.4
50 / 96 sparse 0 oracle throughput rep 1 goal 0.228 elapsed 232.7
51 / 96 sparse 0 oracle semantic rep 0 goal 0.164 elapsed 236.0
52 / 96 sparse 0 oracle semantic rep 1 goal 0.218 elapsed 239.5
53 / 96 sparse 0 cfc throughput rep 0 goal 0.309 elapsed 241.9
54 / 96 sparse 0 cfc throughput rep 1 goal 0.427 elapsed 244.8
55 / 96 sparse 0 cfc semantic rep 0 goal 0.296 elapsed 248.6
56 / 96 sparse 0 cfc semantic rep 1 goal 0.313 elapsed 251.4
57 / 96 sparse 0 gru_dt throughput rep 0 goal 0.415 elapsed 253.8
58 / 96 sparse 0 gru_dt throughput rep 1 goal 0.181 elapsed 259.5
59 / 96 sparse 0 gru_dt semantic rep 0 goal 0.351 elapsed 263.0
60 / 96 sparse 0 gru_dt semantic rep 1 goal 0.282 elapsed 266.5
61 / 96 sparse 0 constant throughput rep 0 goal 0.133 elapsed 271.1
62 / 96 sparse 0 constant throughput rep 1 goal 0.469 elapsed 273.9
63 / 96 sparse 0 constant semantic rep 0 goal 0.182 elapsed 279.3
64 / 96 sparse 0 constant semantic rep 1 goal 0.482 elapsed 282.2
65 / 96 sparse 1 oracle throughput rep 0 goal 0.202 elapsed 286.2
66 / 96 sparse 1 oracle throughput rep 1 goal 0.206 elapsed 290.2
67 / 96 sparse 1 oracle semantic rep 0 goal 0.214 elapsed 292.9
68 / 96 sparse 1 oracle semantic rep 1 goal 0.249 elapsed 298.3
69 / 96 sparse 1 cfc throughput rep 0 goal 0.065 elapsed 301.2
70 / 96 sparse 1 cfc throughput rep 1 goal 0.158 elapsed 303.9
71 / 96 sparse 1 cfc semantic rep 0 goal 0.122 elapsed 307.5
72 / 96 sparse 1 cfc semantic rep 1 goal 0.149 elapsed 310.1
73 / 96 sparse 1 gru_dt throughput rep 0 goal 0.137 elapsed 312.2
74 / 96 sparse 1 gru_dt throughput rep 1 goal 0.124 elapsed 316.3
75 / 96 sparse 1 gru_dt semantic rep 0 goal 0.492 elapsed 318.3
76 / 96 sparse 1 gru_dt semantic rep 1 goal 0.188 elapsed 321.6
77 / 96 sparse 1 constant throughput rep 0 goal 0.152 elapsed 326.5
78 / 96 sparse 1 constant throughput rep 1 goal 0.391 elapsed 329.7
79 / 96 sparse 1 constant semantic rep 0 goal 0.153 elapsed 333.4
80 / 96 sparse 1 constant semantic rep 1 goal 0.196 elapsed 336.8
81 / 96 sparse 2 oracle throughput rep 0 goal 0.085 elapsed 340.3
82 / 96 sparse 2 oracle throughput rep 1 goal 0.068 elapsed 343.9
83 / 96 sparse 2 oracle semantic rep 0 goal 0.12 elapsed 347.1
84 / 96 sparse 2 oracle semantic rep 1 goal 0.106 elapsed 351.8
85 / 96 sparse 2 cfc throughput rep 0 goal 0.123 elapsed 354.7
86 / 96 sparse 2 cfc throughput rep 1 goal 0.093 elapsed 359.7
87 / 96 sparse 2 cfc semantic rep 0 goal 0.143 elapsed 362.8
88 / 96 sparse 2 cfc semantic rep 1 goal 0.149 elapsed 366.1
89 / 96 sparse 2 gru_dt throughput rep 0 goal 0.27 elapsed 369.8
90 / 96 sparse 2 gru_dt throughput rep 1 goal 0.209 elapsed 373.9
91 / 96 sparse 2 gru_dt semantic rep 0 goal 0.4 elapsed 376.9
92 / 96 sparse 2 gru_dt semantic rep 1 goal 0.199 elapsed 381.4
93 / 96 sparse 2 constant throughput rep 0 goal 0.25 elapsed 384.6
94 / 96 sparse 2 constant throughput rep 1 goal 0.299 elapsed 387.5
95 / 96 sparse 2 constant semantic rep 0 goal 0.339 elapsed 390.6
96 / 96 sparse 2 constant semantic rep 1 goal 0.211 elapsed 393.8
COMPLETE 96 elapsed 393.773355044
